Γû▓ Next.js 16.1.6 (Turbopack)
- Environments: .env

node.exe : ΓÜá The "middleware" file convention is deprecated. Please use 
"proxy" instead. Learn more: 
https://nextjs.org/docs/messages/middleware-to-proxy
At C:\Program Files\nodejs\npx.ps1:29 char:3
+   & $NODE_EXE $NPX_CLI_JS $args
+   ~~~~~~~~~~~~~~~~~~~~~~~~~~~~~
    + CategoryInfo          : NotSpecified: (ΓÜá The "middle...leware-to-proxy 
   :String) [], RemoteException
    + FullyQualifiedErrorId : NativeCommandError
 
  Creating an optimized production build ...
Γ£ô Compiled successfully in 42s
  Running TypeScript ...
  Collecting page data using 3 workers ...
  Generating static pages using 3 workers (0/89) ...
  Generating static pages using 3 workers (22/89) 
Γ¿» useSearchParams() should be wrapped in a suspense boundary at page 
"/certificates/apply". Read more: 
https://nextjs.org/docs/messages/missing-suspense-with-csr-bailout
    at Q (C:\Users\Dhananjay\Documents\GitHub\meddocproof\.next\server\chunks\s
sr\node_modules_next_920e7746._.js:2:2111)
    at o (C:\Users\Dhananjay\Documents\GitHub\meddocproof\.next\server\chunks\s
sr\node_modules_next_920e7746._.js:4:5284)
    at V (C:\Users\Dhananjay\Documents\GitHub\meddocproof\.next\server\chunks\s
sr\_45a9b889._.js:1:26635)
    at an (C:\Users\Dhananjay\Documents\GitHub\meddocproof\node_modules\next\di
st\compiled\next-server\app-page-turbo.runtime.prod.js:2:84360)
    at ai (C:\Users\Dhananjay\Documents\GitHub\meddocproof\node_modules\next\di
st\compiled\next-server\app-page-turbo.runtime.prod.js:2:86179)
    at al (C:\Users\Dhananjay\Documents\GitHub\meddocproof\node_modules\next\di
st\compiled\next-server\app-page-turbo.runtime.prod.js:2:107953)
    at as (C:\Users\Dhananjay\Documents\GitHub\meddocproof\node_modules\next\di
st\compiled\next-server\app-page-turbo.runtime.prod.js:2:105368)
    at aa (C:\Users\Dhananjay\Documents\GitHub\meddocproof\node_modules\next\di
st\compiled\next-server\app-page-turbo.runtime.prod.js:2:84712)
    at ai (C:\Users\Dhananjay\Documents\GitHub\meddocproof\node_modules\next\di
st\compiled\next-server\app-page-turbo.runtime.prod.js:2:86228)
    at ai (C:\Users\Dhananjay\Documents\GitHub\meddocproof\node_modules\next\di
st\compiled\next-server\app-page-turbo.runtime.prod.js:2:104708)
Error occurred prerendering page "/certificates/apply". Read more: 
https://nextjs.org/docs/messages/prerender-error
Export encountered an error on /(public)/certificates/apply/page: 
/certificates/apply, exiting the build.
Γ¿» Next.js build worker exited with code: 1 and signal: null
